[2025-01-13T16:55:33.496+0000] {taskinstance.py:1159} INFO - Dependencies all met for dep_context=non-requeueable deps ti=<TaskInstance: finflow_source_data_pipeline.generate_location_data manual__2025-01-13T16:55:26.823277+00:00 [queued]>
[2025-01-13T16:55:33.514+0000] {taskinstance.py:1159} INFO - Dependencies all met for dep_context=requeueable deps ti=<TaskInstance: finflow_source_data_pipeline.generate_location_data manual__2025-01-13T16:55:26.823277+00:00 [queued]>
[2025-01-13T16:55:33.514+0000] {taskinstance.py:1361} INFO - Starting attempt 1 of 1
[2025-01-13T16:55:33.544+0000] {taskinstance.py:1382} INFO - Executing <Task(PythonOperator): generate_location_data> on 2025-01-13 16:55:26.823277+00:00
[2025-01-13T16:55:33.556+0000] {standard_task_runner.py:57} INFO - Started process 8122 to run task
[2025-01-13T16:55:33.568+0000] {standard_task_runner.py:84} INFO - Running: ['***', 'tasks', 'run', 'finflow_source_data_pipeline', 'generate_location_data', 'manual__2025-01-13T16:55:26.823277+00:00', '--job-id', '405', '--raw', '--subdir', 'DAGS_FOLDER/finflow.py', '--cfg-path', '/tmp/tmpk4_jq9k0']
[2025-01-13T16:55:33.575+0000] {standard_task_runner.py:85} INFO - Job 405: Subtask generate_location_data
[2025-01-13T16:55:33.678+0000] {task_command.py:416} INFO - Running <TaskInstance: finflow_source_data_pipeline.generate_location_data manual__2025-01-13T16:55:26.823277+00:00 [running]> on host ab4e86dc450e
[2025-01-13T16:55:33.836+0000] {taskinstance.py:1662} INFO - Exporting env vars: AIRFLOW_CTX_DAG_OWNER='***' AIRFLOW_CTX_DAG_ID='finflow_source_data_pipeline' AIRFLOW_CTX_TASK_ID='generate_location_data' AIRFLOW_CTX_EXECUTION_DATE='2025-01-13T16:55:26.823277+00:00' AIRFLOW_CTX_TRY_NUMBER='1' AIRFLOW_CTX_DAG_RUN_ID='manual__2025-01-13T16:55:26.823277+00:00'
[2025-01-13T16:55:33.844+0000] {finflow.py:76} INFO - Starting data generation for generate_location_data
[2025-01-13T16:55:33.981+0000] {finflow.py:81} ERROR - Error in data generation for generate_location_data: Offsets not set. Call set_offsets first.
[2025-01-13T16:55:33.982+0000] {taskinstance.py:1937} ERROR - Task failed with exception
Traceback (most recent call last):
  File "/opt/airflow/dags/finflow.py", line 77, in wrapper
    result = func(*args, **kwargs)
  File "/opt/airflow/dags/finflow.py", line 272, in generate_location_data
    location_key = key_gen.get_next_key('location')
  File "/opt/airflow/dags/finflow.py", line 61, in get_next_key
    raise ValueError("Offsets not set. Call set_offsets first.")
ValueError: Offsets not set. Call set_offsets first.

During handling of the above exception, another exception occurred:

Traceback (most recent call last):
  File "/home/airflow/.local/lib/python3.8/site-packages/airflow/operators/python.py", line 192, in execute
    return_value = self.execute_callable()
  File "/home/airflow/.local/lib/python3.8/site-packages/airflow/operators/python.py", line 209, in execute_callable
    return self.python_callable(*self.op_args, **self.op_kwargs)
  File "/opt/airflow/dags/finflow.py", line 82, in wrapper
    raise DataGenerationError(f"Failed to generate data in {func.__name__}: {str(e)}")
unusual_prefix_e3732bef98af2b043177fdcca303303d50b4bb69_finflow.DataGenerationError: Failed to generate data in generate_location_data: Offsets not set. Call set_offsets first.
[2025-01-13T16:55:34.001+0000] {taskinstance.py:1400} INFO - Marking task as FAILED. dag_id=finflow_source_data_pipeline, task_id=generate_location_data, execution_date=20250113T165526, start_date=20250113T165533, end_date=20250113T165534
[2025-01-13T16:55:34.026+0000] {standard_task_runner.py:104} ERROR - Failed to execute job 405 for task generate_location_data (Failed to generate data in generate_location_data: Offsets not set. Call set_offsets first.; 8122)
[2025-01-13T16:55:34.046+0000] {local_task_job_runner.py:228} INFO - Task exited with return code 1
[2025-01-13T16:55:34.118+0000] {taskinstance.py:2778} INFO - 0 downstream tasks scheduled from follow-on schedule check
