[2025-01-13T14:19:10.947+0000] {taskinstance.py:1159} INFO - Dependencies all met for dep_context=non-requeueable deps ti=<TaskInstance: finflow_source_data_pipeline.generate_transaction_data manual__2025-01-13T14:18:35.872624+00:00 [queued]>
[2025-01-13T14:19:10.983+0000] {taskinstance.py:1159} INFO - Dependencies all met for dep_context=requeueable deps ti=<TaskInstance: finflow_source_data_pipeline.generate_transaction_data manual__2025-01-13T14:18:35.872624+00:00 [queued]>
[2025-01-13T14:19:10.984+0000] {taskinstance.py:1361} INFO - Starting attempt 1 of 1
[2025-01-13T14:19:11.035+0000] {taskinstance.py:1382} INFO - Executing <Task(PythonOperator): generate_transaction_data> on 2025-01-13 14:18:35.872624+00:00
[2025-01-13T14:19:11.055+0000] {standard_task_runner.py:57} INFO - Started process 2263 to run task
[2025-01-13T14:19:11.082+0000] {standard_task_runner.py:84} INFO - Running: ['***', 'tasks', 'run', 'finflow_source_data_pipeline', 'generate_transaction_data', 'manual__2025-01-13T14:18:35.872624+00:00', '--job-id', '256', '--raw', '--subdir', 'DAGS_FOLDER/finflow.py', '--cfg-path', '/tmp/tmpqbn1_258']
[2025-01-13T14:19:11.099+0000] {standard_task_runner.py:85} INFO - Job 256: Subtask generate_transaction_data
[2025-01-13T14:19:11.244+0000] {task_command.py:416} INFO - Running <TaskInstance: finflow_source_data_pipeline.generate_transaction_data manual__2025-01-13T14:18:35.872624+00:00 [running]> on host ab4e86dc450e
[2025-01-13T14:19:11.448+0000] {taskinstance.py:1662} INFO - Exporting env vars: AIRFLOW_CTX_DAG_OWNER='***' AIRFLOW_CTX_DAG_ID='finflow_source_data_pipeline' AIRFLOW_CTX_TASK_ID='generate_transaction_data' AIRFLOW_CTX_EXECUTION_DATE='2025-01-13T14:18:35.872624+00:00' AIRFLOW_CTX_TRY_NUMBER='1' AIRFLOW_CTX_DAG_RUN_ID='manual__2025-01-13T14:18:35.872624+00:00'
[2025-01-13T14:19:11.455+0000] {finflow.py:66} INFO - Starting data generation for generate_transaction_data
[2025-01-13T14:19:11.580+0000] {finflow.py:71} ERROR - Error in data generation for generate_transaction_data: name 'customer_keys' is not defined
[2025-01-13T14:19:11.584+0000] {taskinstance.py:1937} ERROR - Task failed with exception
Traceback (most recent call last):
  File "/opt/airflow/dags/finflow.py", line 67, in wrapper
    result = func(*args, **kwargs)
  File "/opt/airflow/dags/finflow.py", line 340, in generate_transaction_data
    'customer_key': random.choice(customer_keys),
NameError: name 'customer_keys' is not defined

During handling of the above exception, another exception occurred:

Traceback (most recent call last):
  File "/home/airflow/.local/lib/python3.8/site-packages/airflow/operators/python.py", line 192, in execute
    return_value = self.execute_callable()
  File "/home/airflow/.local/lib/python3.8/site-packages/airflow/operators/python.py", line 209, in execute_callable
    return self.python_callable(*self.op_args, **self.op_kwargs)
  File "/opt/airflow/dags/finflow.py", line 72, in wrapper
    raise DataGenerationError(f"Failed to generate data in {func.__name__}: {str(e)}")
unusual_prefix_e3732bef98af2b043177fdcca303303d50b4bb69_finflow.DataGenerationError: Failed to generate data in generate_transaction_data: name 'customer_keys' is not defined
[2025-01-13T14:19:11.619+0000] {taskinstance.py:1400} INFO - Marking task as FAILED. dag_id=finflow_source_data_pipeline, task_id=generate_transaction_data, execution_date=20250113T141835, start_date=20250113T141910, end_date=20250113T141911
[2025-01-13T14:19:11.658+0000] {standard_task_runner.py:104} ERROR - Failed to execute job 256 for task generate_transaction_data (Failed to generate data in generate_transaction_data: name 'customer_keys' is not defined; 2263)
[2025-01-13T14:19:11.700+0000] {local_task_job_runner.py:228} INFO - Task exited with return code 1
[2025-01-13T14:19:11.864+0000] {taskinstance.py:2778} INFO - 0 downstream tasks scheduled from follow-on schedule check
