[2025-01-13T14:20:55.005+0000] {taskinstance.py:1159} INFO - Dependencies all met for dep_context=non-requeueable deps ti=<TaskInstance: finflow_source_data_pipeline.generate_transaction_data manual__2025-01-13T14:20:20.640150+00:00 [queued]>
[2025-01-13T14:20:55.041+0000] {taskinstance.py:1159} INFO - Dependencies all met for dep_context=requeueable deps ti=<TaskInstance: finflow_source_data_pipeline.generate_transaction_data manual__2025-01-13T14:20:20.640150+00:00 [queued]>
[2025-01-13T14:20:55.042+0000] {taskinstance.py:1361} INFO - Starting attempt 1 of 1
[2025-01-13T14:20:55.107+0000] {taskinstance.py:1382} INFO - Executing <Task(PythonOperator): generate_transaction_data> on 2025-01-13 14:20:20.640150+00:00
[2025-01-13T14:20:55.124+0000] {standard_task_runner.py:57} INFO - Started process 2356 to run task
[2025-01-13T14:20:55.145+0000] {standard_task_runner.py:84} INFO - Running: ['***', 'tasks', 'run', 'finflow_source_data_pipeline', 'generate_transaction_data', 'manual__2025-01-13T14:20:20.640150+00:00', '--job-id', '266', '--raw', '--subdir', 'DAGS_FOLDER/finflow.py', '--cfg-path', '/tmp/tmpzkeg8vvr']
[2025-01-13T14:20:55.170+0000] {standard_task_runner.py:85} INFO - Job 266: Subtask generate_transaction_data
[2025-01-13T14:20:55.335+0000] {task_command.py:416} INFO - Running <TaskInstance: finflow_source_data_pipeline.generate_transaction_data manual__2025-01-13T14:20:20.640150+00:00 [running]> on host ab4e86dc450e
[2025-01-13T14:20:55.643+0000] {taskinstance.py:1662} INFO - Exporting env vars: AIRFLOW_CTX_DAG_OWNER='***' AIRFLOW_CTX_DAG_ID='finflow_source_data_pipeline' AIRFLOW_CTX_TASK_ID='generate_transaction_data' AIRFLOW_CTX_EXECUTION_DATE='2025-01-13T14:20:20.640150+00:00' AIRFLOW_CTX_TRY_NUMBER='1' AIRFLOW_CTX_DAG_RUN_ID='manual__2025-01-13T14:20:20.640150+00:00'
[2025-01-13T14:20:55.651+0000] {finflow.py:66} INFO - Starting data generation for generate_transaction_data
[2025-01-13T14:20:55.945+0000] {finflow.py:71} ERROR - Error in data generation for generate_transaction_data: object of type 'NoneType' has no len()
[2025-01-13T14:20:55.946+0000] {taskinstance.py:1937} ERROR - Task failed with exception
Traceback (most recent call last):
  File "/opt/airflow/dags/finflow.py", line 67, in wrapper
    result = func(*args, **kwargs)
  File "/opt/airflow/dags/finflow.py", line 346, in generate_transaction_data
    'date_key': random.choice(date_keys),
  File "/usr/local/lib/python3.8/random.py", line 288, in choice
    i = self._randbelow(len(seq))
TypeError: object of type 'NoneType' has no len()

During handling of the above exception, another exception occurred:

Traceback (most recent call last):
  File "/home/airflow/.local/lib/python3.8/site-packages/airflow/operators/python.py", line 192, in execute
    return_value = self.execute_callable()
  File "/home/airflow/.local/lib/python3.8/site-packages/airflow/operators/python.py", line 209, in execute_callable
    return self.python_callable(*self.op_args, **self.op_kwargs)
  File "/opt/airflow/dags/finflow.py", line 72, in wrapper
    raise DataGenerationError(f"Failed to generate data in {func.__name__}: {str(e)}")
unusual_prefix_e3732bef98af2b043177fdcca303303d50b4bb69_finflow.DataGenerationError: Failed to generate data in generate_transaction_data: object of type 'NoneType' has no len()
[2025-01-13T14:20:55.992+0000] {taskinstance.py:1400} INFO - Marking task as FAILED. dag_id=finflow_source_data_pipeline, task_id=generate_transaction_data, execution_date=20250113T142020, start_date=20250113T142055, end_date=20250113T142055
[2025-01-13T14:20:56.075+0000] {standard_task_runner.py:104} ERROR - Failed to execute job 266 for task generate_transaction_data (Failed to generate data in generate_transaction_data: object of type 'NoneType' has no len(); 2356)
[2025-01-13T14:20:56.158+0000] {local_task_job_runner.py:228} INFO - Task exited with return code 1
[2025-01-13T14:20:56.401+0000] {taskinstance.py:2778} INFO - 0 downstream tasks scheduled from follow-on schedule check
